** Drc report for nebula_qshield.kicad_pcb **
** Created on 2026-08-12T21:43:08 **
** Report includes: Errors **

** Found 0 DRC violations **

** Found 38 unconnected pads **
[unconnected_items]: Missing connection between items
    Local override; error
    @(71.8200 mm, 31.8700 mm): Pad 1 [/Analog Acquisition/ORP_ATT] of R32 on F.Cu
    @(67.0102 mm, 35.1403 mm): Track [/Analog Acquisition/ORP_ATT] on B.Cu, length 0.4809 mm
[unconnected_items]: Missing connection between items
    Local override; error
    @(71.8300 mm, 33.1100 mm): Pad 1 [/HUM_ADC] of C23 on F.Cu
    @(65.0700 mm, 31.8700 mm): Pad 1 [/HUM_ADC] of R18 on F.Cu
[unconnected_items]: Missing connection between items
    Local override; error
    @(4.4598 mm, 25.9154 mm): Via [GND] on F.Cu - B.Cu
    @(3.7900 mm, 24.8600 mm): Pad 2 [GND] of C11 on F.Cu
[unconnected_items]: Missing connection between items
    Local override; error
    @(63.6826 mm, 19.1636 mm): Via [GND] on F.Cu - B.Cu
    @(65.5050 mm, 20.8750 mm): Pad 5 [GND] of U9 on F.Cu
[unconnected_items]: Missing connection between items
    Local override; error
    @(68.2900 mm, 33.1100 mm): Pad 2 [GND] of C21 on F.Cu
    @(71.2772 mm, 33.8472 mm): Track [GND] on F.Cu, length 1.0426 mm
[unconnected_items]: Missing connection between items
    Local override; error
    @(72.7900 mm, 33.1100 mm): Track [GND] on F.Cu, length 0.2234 mm
    @(75.0400 mm, 32.1100 mm): Pad 2 [GND] of C14 on F.Cu
[unconnected_items]: Missing connection between items
    Local override; error
    @(89.3500 mm, 21.9000 mm): Pad 2 [GND] of D5 on F.Cu
    @(88.1850 mm, 26.0062 mm): Track [GND] on F.Cu, length 2.4546 mm
[unconnected_items]: Missing connection between items
    Local override; error
    @(19.2866 mm, 102.5482 mm): Track [/3V3_RAIL] on F.Cu, length 2.7548 mm
    @(22.8625 mm, 104.0250 mm): Pad 14 [/3V3_RAIL] of U22 on F.Cu
[unconnected_items]: Missing connection between items
    Local override; error
    @(67.4450 mm, 22.1518 mm): Track [/3V3_RAIL] on F.Cu, length 1.0000 mm
    @(72.3983 mm, 23.2477 mm): Via [/3V3_RAIL] on F.Cu - B.Cu
[unconnected_items]: Missing connection between items
    Local override; error
    @(70.3500 mm, 28.5500 mm): Via [/Analog Acquisition/VDD_ISO_ORP] on F.Cu - B.Cu
    @(61.6950 mm, 25.8250 mm): Track [/Analog Acquisition/VDD_ISO_ORP] on F.Cu, length 0.7500 mm
[unconnected_items]: Missing connection between items
    Local override; error
    @(70.3500 mm, 28.5500 mm): Via [/Analog Acquisition/VDD_ISO_ORP] on F.Cu - B.Cu
    @(84.3898 mm, 28.5614 mm): Via [/Analog Acquisition/VDD_ISO_ORP] on F.Cu - B.Cu
[unconnected_items]: Missing connection between items
    Local override; error
    @(41.6600 mm, 86.3600 mm): PTH pad 22 [/CO2_SOL_CTL] of J21
    @(105.0000 mm, 95.5100 mm): Pad 1 [/CO2_SOL_CTL] of R26 on F.Cu
[unconnected_items]: Missing connection between items
    Local override; error
    @(85.5400 mm, 31.8600 mm): Track [/Analog Acquisition/GND_ISO_PH] on F.Cu, length 1.1223 mm
    @(69.5700 mm, 31.8700 mm): Via [/Analog Acquisition/GND_ISO_PH] on F.Cu - B.Cu
[unconnected_items]: Missing connection between items
    Local override; error
    @(78.5700 mm, 20.1200 mm): Pad 1 [/Analog Acquisition/ORP_SIG] of R9 on F.Cu
    @(89.6000 mm, 20.6000 mm): Track [/Analog Acquisition/ORP_SIG] on F.Cu, length 0.7500 mm
[unconnected_items]: Missing connection between items
    Local override; error
    @(68.0550 mm, 96.0000 mm): Pad 1 [/I2C_SCL] of R37 on F.Cu
    @(68.5800 mm, 86.3600 mm): PTH pad 32 [/I2C_SCL] of J21
[unconnected_items]: Missing connection between items
    Local override; error
    @(83.6950 mm, 11.8250 mm): Track [/Analog Acquisition/PH_BUF] on F.Cu, length 0.5723 mm
    @(68.3400 mm, 31.8700 mm): Pad 2 [/Analog Acquisition/PH_BUF] of R30 on F.Cu
[unconnected_items]: Missing connection between items
    Local override; error
    @(84.6723 mm, 21.0750 mm): Track [/Analog Acquisition/VDD_ISO_PH] on F.Cu, length 1.3821 mm
    @(64.2719 mm, 27.4719 mm): Track [/Analog Acquisition/VDD_ISO_PH] on F.Cu, length 2.0000 mm
[unconnected_items]: Missing connection between items
    Local override; error
    @(21.3200 mm, 7.8700 mm): Track [/5V_RAIL] on F.Cu, length 1.8500 mm
    @(41.0000 mm, 1.3000 mm): PTH pad 1 [/5V_RAIL] of J20
[unconnected_items]: Missing connection between items
    Local override; error
    @(78.0500 mm, 18.0500 mm): Track [/5V_RAIL] on F.Cu, length 2.0130 mm
    @(84.8125 mm, 21.9000 mm): Track [/5V_RAIL] on F.Cu, length 0.6393 mm
[unconnected_items]: Missing connection between items
    Local override; error
    @(85.1261 mm, 24.8836 mm): Via [/5V_RAIL] on F.Cu - B.Cu
    @(84.8125 mm, 21.9000 mm): Track [/5V_RAIL] on F.Cu, length 0.5000 mm
[unconnected_items]: Missing connection between items
    Local override; error
    @(91.7685 mm, 26.4338 mm): Via [/5V_RAIL] on F.Cu - B.Cu
    @(85.1261 mm, 24.8836 mm): Track [/5V_RAIL] on F.Cu, length 0.8206 mm
[unconnected_items]: Missing connection between items
    Local override; error
    @(64.9261 mm, 33.2639 mm): Track [/Analog Acquisition/VDD_ISO_DO] on F.Cu, length 0.2176 mm
    @(75.3500 mm, 30.0500 mm): Track [/Analog Acquisition/VDD_ISO_DO] on F.Cu, length 0.5000 mm
[unconnected_items]: Missing connection between items
    Local override; error
    @(78.5800 mm, 32.8600 mm): Track [/Analog Acquisition/DO_FILT] on F.Cu, length 0.9192 mm
    @(69.5700 mm, 30.6200 mm): Track [/Analog Acquisition/DO_FILT] on F.Cu, length 1.2300 mm
[unconnected_items]: Missing connection between items
    Local override; error
    @(110.4135 mm, 68.7984 mm): PTH pad 1 [/Actuator Drivers/MOTOR_HO] of Q1
    @(117.0714 mm, 75.1659 mm): Pad 7 [/Actuator Drivers/MOTOR_HO] of U17 on F.Cu
[unconnected_items]: Missing connection between items
    Local override; error
    @(7.3441 mm, 24.4989 mm): Track [/12V_RAIL] on F.Cu, length 3.5000 mm
    @(2.8200 mm, 22.3700 mm): Pad 1 [/12V_RAIL] of R4 on F.Cu
[unconnected_items]: Missing connection between items
    Local override; error
    @(14.1500 mm, 20.1500 mm): Track [/12V_RAIL] on F.Cu, length 0.2500 mm
    @(14.9250 mm, 23.4563 mm): Track [/12V_RAIL] on F.Cu, length 0.2500 mm
[unconnected_items]: Missing connection between items
    Local override; error
    @(14.9250 mm, 23.4563 mm): Track [/12V_RAIL] on F.Cu, length 0.5000 mm
    @(10.8441 mm, 24.4989 mm): Via [/12V_RAIL] on F.Cu - B.Cu
[unconnected_items]: Missing connection between items
    Local override; error
    @(14.9250 mm, 23.4563 mm): Track [/12V_RAIL] on F.Cu, length 0.5000 mm
    @(50.8000 mm, 38.1000 mm): Via [/12V_RAIL] on F.Cu - B.Cu
[unconnected_items]: Missing connection between items
    Local override; error
    @(75.5100 mm, 6.8100 mm): Via [/Analog Acquisition/DO_SEC_B] on F.Cu - B.Cu
    @(63.6500 mm, 31.1000 mm): Via [/Analog Acquisition/DO_SEC_B] on F.Cu - B.Cu
[unconnected_items]: Missing connection between items
    Local override; error
    @(75.0700 mm, 27.8700 mm): Pad 1 [/Analog Acquisition/CO2_SIG] of R11 on F.Cu
    @(89.0000 mm, 24.1000 mm): Via [/Analog Acquisition/CO2_SIG] on F.Cu - B.Cu
[unconnected_items]: Missing connection between items
    Local override; error
    @(84.9650 mm, 19.5750 mm): Track [/Analog Acquisition/PH_ATT] on F.Cu, length 0.1500 mm
    @(67.3614 mm, 31.7963 mm): Track [/Analog Acquisition/PH_ATT] on B.Cu, length 3.2795 mm
[unconnected_items]: Missing connection between items
    Local override; error
    @(80.2150 mm, 27.3250 mm): Pad 2 [/Analog Acquisition/DO_BUF] of U13 on F.Cu
    @(75.7350 mm, 20.8750 mm): Pad 6 [/Analog Acquisition/DO_BUF] of U11 on F.Cu
[unconnected_items]: Missing connection between items
    Local override; error
    @(89.3500 mm, 27.6000 mm): Pad 1 [/Analog Acquisition/DO_SIG] of D6 on F.Cu
    @(67.3200 mm, 30.6200 mm): Pad 1 [/Analog Acquisition/DO_SIG] of R13 on F.Cu
[unconnected_items]: Missing connection between items
    Local override; error
    @(56.2625 mm, 30.0500 mm): Via [/Analog Acquisition/SN_D1_DO] on F.Cu - B.Cu
    @(75.7100 mm, 18.5500 mm): Via [/Analog Acquisition/SN_D1_DO] on F.Cu - B.Cu
[unconnected_items]: Missing connection between items
    Local override; error
    @(80.3900 mm, 18.0500 mm): Track [/Analog Acquisition/SN_D2_DO] on F.Cu, length 0.1500 mm
    @(58.3375 mm, 28.1500 mm): Track [/Analog Acquisition/SN_D2_DO] on F.Cu, length 0.1500 mm
[unconnected_items]: Missing connection between items
    Local override; error
    @(66.2600 mm, 18.0500 mm): Via [/Analog Acquisition/SN_D1_ORP] on F.Cu - B.Cu
    @(84.8125 mm, 27.5500 mm): Pad 3 [/Analog Acquisition/SN_D1_ORP] of U8 on F.Cu
[unconnected_items]: Missing connection between items
    Local override; error
    @(87.0875 mm, 25.6500 mm): Pad 5 [/Analog Acquisition/SN_D2_ORP] of U8 on F.Cu
    @(71.3400 mm, 18.0500 mm): Track [/Analog Acquisition/SN_D2_ORP] on F.Cu, length 2.5000 mm
[unconnected_items]: Missing connection between items
    Local override; error
    @(87.0875 mm, 21.9000 mm): Via [/Analog Acquisition/SN_D2_PH] on F.Cu - B.Cu
    @(62.0900 mm, 18.0500 mm): Track [/Analog Acquisition/SN_D2_PH] on F.Cu, length 1.2500 mm

** Found 0 Footprint errors **

** Ignored checks **
    - Footprint has no courtyard defined
    - Track endpoint not centered on via
    - Tuning profile track geometries
    - Footprint doesn't match symbol's footprint filters
    - Footprint component type doesn't match footprint pads

** End of Report **
